ARM Linker, 5.02 [Build 28] [MDK-ARM Professional]

==============================================================================

Section Cross References

    startup_mkl25z4.o(STACK) refers (Special) to system_mkl25z4.o(.text) for SystemInit
    startup_mkl25z4.o(HEAP) refers (Special) to system_mkl25z4.o(.text) for SystemInit
    startup_mkl25z4.o(RESET) refers (Special) to system_mkl25z4.o(.text) for SystemInit
    startup_mkl25z4.o(RESET) refers to startup_mkl25z4.o(STACK) for __initial_sp
    startup_mkl25z4.o(RESET) refers to startup_mkl25z4.o(.text) for Reset_Handler
    startup_mkl25z4.o(.ARM.__at_0x400) refers (Special) to system_mkl25z4.o(.text) for SystemInit
    startup_mkl25z4.o(.text) refers (Special) to system_mkl25z4.o(.text) for SystemInit
    startup_mkl25z4.o(.text) refers to entry.o(.ARM.Collect$$$$00000000) for __main
    system_mkl25z4.o(.text) refers to uidiv.o(.text) for __aeabi_uidivmod
    system_mkl25z4.o(.text) refers to system_mkl25z4.o(i.__ARM_common_switch8) for __ARM_common_switch8
    system_mkl25z4.o(.text) refers to system_mkl25z4.o(.data) for SystemCoreClock
    main.o(.text) refers to main.o(.emb_text) for my_strcpy
    entry.o(.ARM.Collect$$$$00000000) refers (Special) to entry7b.o(.ARM.Collect$$$$00000008) for _main_clock
    entry.o(.ARM.Collect$$$$00000000) refers (Special) to entry8.o(.ARM.Collect$$$$00000009) for _main_init
    entry.o(.ARM.Collect$$$$00000000) refers (Special) to entry5.o(.ARM.Collect$$$$00000004) for _main_scatterload
    entry.o(.ARM.Collect$$$$00000000) refers (Special) to entry2.o(.ARM.Collect$$$$00000001) for _main_stk
    entry2.o(.ARM.Collect$$$$00000001) refers to entry2.o(.ARM.Collect$$$$00002712) for __lit__00000000
    entry2.o(.ARM.Collect$$$$00002712) refers to startup_mkl25z4.o(STACK) for __initial_sp
    entry2.o(__vectab_stack_and_reset_area) refers to startup_mkl25z4.o(STACK) for __initial_sp
    entry2.o(__vectab_stack_and_reset_area) refers to entry.o(.ARM.Collect$$$$00000000) for __main
    entry5.o(.ARM.Collect$$$$00000004) refers to init.o(.text) for __scatterload
    entry8.o(.ARM.Collect$$$$00000009) refers to main.o(.text) for main
    init.o(.text) refers to entry5.o(.ARM.Collect$$$$00000004) for __main_after_scatterload


==============================================================================

Removing Unused input sections from the image.

    Removing startup_mkl25z4.o(HEAP), (0 bytes).
    Removing system_mkl25z4.o(.rev16_text), (4 bytes).
    Removing system_mkl25z4.o(.revsh_text), (4 bytes).
    Removing main.o(.rev16_text), (4 bytes).
    Removing main.o(.revsh_text), (4 bytes).

5 unused section(s) (total 16 bytes) removed from the image.

==============================================================================

Image Symbol Table

    Local Symbols

    Symbol Name                              Value     Ov Type        Size  Object(Section)

    RESET                                    0x00000000   Section      192  startup_mkl25z4.o(RESET)
    ../clib/microlib/division.c              0x00000000   Number         0  uidiv.o ABSOLUTE
    ../clib/microlib/init/entry.s            0x00000000   Number         0  entry2.o ABSOLUTE
    ../clib/microlib/init/entry.s            0x00000000   Number         0  entry.o ABSOLUTE
    ../clib/microlib/init/entry.s            0x00000000   Number         0  entry5.o ABSOLUTE
    ../clib/microlib/init/entry.s            0x00000000   Number         0  entry7a.o ABSOLUTE
    ../clib/microlib/init/entry.s            0x00000000   Number         0  entry7b.o ABSOLUTE
    ../clib/microlib/init/entry.s            0x00000000   Number         0  entry8.o ABSOLUTE
    dc.s                                     0x00000000   Number         0  dc.o ABSOLUTE
    handlers.s                               0x00000000   Number         0  handlers.o ABSOLUTE
    init.s                                   0x00000000   Number         0  init.o ABSOLUTE
    src\\main.c                              0x00000000   Number         0  main.o ABSOLUTE
    src\main.c                               0x00000000   Number         0  main.o ABSOLUTE
    startup_MKL25Z4.s                        0x00000000   Number         0  startup_mkl25z4.o ABSOLUTE
    system_MKL25Z4.c                         0x00000000   Number         0  system_mkl25z4.o ABSOLUTE
    system_MKL25Z4.c                         0x00000000   Number         0  system_mkl25z4.o ABSOLUTE
    .ARM.Collect$$$$00000000                 0x000000c0   Section        0  entry.o(.ARM.Collect$$$$00000000)
    .ARM.Collect$$$$00000001                 0x000000c0   Section        4  entry2.o(.ARM.Collect$$$$00000001)
    .ARM.Collect$$$$00000004                 0x000000c4   Section        4  entry5.o(.ARM.Collect$$$$00000004)
    .ARM.Collect$$$$00000008                 0x000000c8   Section        0  entry7b.o(.ARM.Collect$$$$00000008)
    .ARM.Collect$$$$00000009                 0x000000c8   Section        8  entry8.o(.ARM.Collect$$$$00000009)
    .ARM.Collect$$$$00002712                 0x000000d0   Section        4  entry2.o(.ARM.Collect$$$$00002712)
    __lit__00000000                          0x000000d0   Data           4  entry2.o(.ARM.Collect$$$$00002712)
    .emb_text                                0x000000d4   Section       36  main.o(.emb_text)
    .text                                    0x000000f8   Section       20  startup_mkl25z4.o(.text)
    .text                                    0x0000010c   Section        0  system_mkl25z4.o(.text)
    .text                                    0x000002ac   Section        0  main.o(.text)
    .text                                    0x000002dc   Section        0  uidiv.o(.text)
    .text                                    0x00000308   Section       36  init.o(.text)
    i.__ARM_common_switch8                   0x0000032c   Section        0  system_mkl25z4.o(i.__ARM_common_switch8)
    i.__scatterload_copy                     0x00000348   Section       14  handlers.o(i.__scatterload_copy)
    i.__scatterload_null                     0x00000356   Section        2  handlers.o(i.__scatterload_null)
    i.__scatterload_zeroinit                 0x00000358   Section       14  handlers.o(i.__scatterload_zeroinit)
    .ARM.__at_0x400                          0x00000400   Section       16  startup_mkl25z4.o(.ARM.__at_0x400)
    .data                                    0x1ffff000   Section        4  system_mkl25z4.o(.data)
    STACK                                    0x1ffff008   Section     1024  startup_mkl25z4.o(STACK)

    Global Symbols

    Symbol Name                              Value     Ov Type        Size  Object(Section)

    BuildAttributes$$THM_ISAv3M$S$PE$A:L22$X:L11$S22$IEEE1$IW$USESV6$~STKCKD$USESV7$~SHL$OSPACE$EBA8$MICROLIB$REQ8$PRES8$EABIv2 0x00000000   Number         0  anon$$obj.o ABSOLUTE
    __ARM_use_no_argv                        0x00000000   Number         0  main.o ABSOLUTE
    __Vectors                                0x00000000   Data           4  startup_mkl25z4.o(RESET)
    __decompress                              - Undefined Weak Reference
    _clock_init                               - Undefined Weak Reference
    __Vectors_End                            0x000000c0   Data           0  startup_mkl25z4.o(RESET)
    __Vectors_Size                           0x000000c0   Number         0  startup_mkl25z4.o ABSOLUTE
    __main                                   0x000000c1   Thumb Code     0  entry.o(.ARM.Collect$$$$00000000)
    _main_stk                                0x000000c1   Thumb Code     0  entry2.o(.ARM.Collect$$$$00000001)
    _main_scatterload                        0x000000c5   Thumb Code     0  entry5.o(.ARM.Collect$$$$00000004)
    __main_after_scatterload                 0x000000c9   Thumb Code     0  entry5.o(.ARM.Collect$$$$00000004)
    _main_clock                              0x000000c9   Thumb Code     0  entry7b.o(.ARM.Collect$$$$00000008)
    _main_init                               0x000000c9   Thumb Code     0  entry8.o(.ARM.Collect$$$$00000009)
    my_strcpy                                0x000000d5   Thumb Code    14  main.o(.emb_text)
    my_capitalize                            0x000000e3   Thumb Code    22  main.o(.emb_text)
    Reset_Handler                            0x000000f9   Thumb Code     4  startup_mkl25z4.o(.text)
    NMI_Handler                              0x000000fd   Thumb Code     2  startup_mkl25z4.o(.text)
    HardFault_Handler                        0x000000ff   Thumb Code     2  startup_mkl25z4.o(.text)
    SVC_Handler                              0x00000101   Thumb Code     2  startup_mkl25z4.o(.text)
    PendSV_Handler                           0x00000103   Thumb Code     2  startup_mkl25z4.o(.text)
    SysTick_Handler                          0x00000105   Thumb Code     2  startup_mkl25z4.o(.text)
    ADC0_IRQHandler                          0x00000107   Thumb Code     0  startup_mkl25z4.o(.text)
    CMP0_IRQHandler                          0x00000107   Thumb Code     0  startup_mkl25z4.o(.text)
    DAC0_IRQHandler                          0x00000107   Thumb Code     0  startup_mkl25z4.o(.text)
    DMA0_IRQHandler                          0x00000107   Thumb Code     0  startup_mkl25z4.o(.text)
    DMA1_IRQHandler                          0x00000107   Thumb Code     0  startup_mkl25z4.o(.text)
    DMA2_IRQHandler                          0x00000107   Thumb Code     0  startup_mkl25z4.o(.text)
    DMA3_IRQHandler                          0x00000107   Thumb Code     0  startup_mkl25z4.o(.text)
    DefaultISR                               0x00000107   Thumb Code     0  startup_mkl25z4.o(.text)
    FTFA_IRQHandler                          0x00000107   Thumb Code     0  startup_mkl25z4.o(.text)
    I2C0_IRQHandler                          0x00000107   Thumb Code     0  startup_mkl25z4.o(.text)
    I2C1_IRQHandler                          0x00000107   Thumb Code     0  startup_mkl25z4.o(.text)
    LLW_IRQHandler                           0x00000107   Thumb Code     0  startup_mkl25z4.o(.text)
    LPTimer_IRQHandler                       0x00000107   Thumb Code     0  startup_mkl25z4.o(.text)
    LVD_LVW_IRQHandler                       0x00000107   Thumb Code     0  startup_mkl25z4.o(.text)
    MCG_IRQHandler                           0x00000107   Thumb Code     0  startup_mkl25z4.o(.text)
    PIT_IRQHandler                           0x00000107   Thumb Code     0  startup_mkl25z4.o(.text)
    PORTA_IRQHandler                         0x00000107   Thumb Code     0  startup_mkl25z4.o(.text)
    PORTD_IRQHandler                         0x00000107   Thumb Code     0  startup_mkl25z4.o(.text)
    RTC_IRQHandler                           0x00000107   Thumb Code     0  startup_mkl25z4.o(.text)
    RTC_Seconds_IRQHandler                   0x00000107   Thumb Code     0  startup_mkl25z4.o(.text)
    Reserved20_IRQHandler                    0x00000107   Thumb Code     0  startup_mkl25z4.o(.text)
    Reserved39_IRQHandler                    0x00000107   Thumb Code     0  startup_mkl25z4.o(.text)
    Reserved45_IRQHandler                    0x00000107   Thumb Code     0  startup_mkl25z4.o(.text)
    SPI0_IRQHandler                          0x00000107   Thumb Code     0  startup_mkl25z4.o(.text)
    SPI1_IRQHandler                          0x00000107   Thumb Code     0  startup_mkl25z4.o(.text)
    TPM0_IRQHandler                          0x00000107   Thumb Code     0  startup_mkl25z4.o(.text)
    TPM1_IRQHandler                          0x00000107   Thumb Code     0  startup_mkl25z4.o(.text)
    TPM2_IRQHandler                          0x00000107   Thumb Code     0  startup_mkl25z4.o(.text)
    TSI0_IRQHandler                          0x00000107   Thumb Code     0  startup_mkl25z4.o(.text)
    UART0_IRQHandler                         0x00000107   Thumb Code     0  startup_mkl25z4.o(.text)
    UART1_IRQHandler                         0x00000107   Thumb Code     0  startup_mkl25z4.o(.text)
    UART2_IRQHandler                         0x00000107   Thumb Code     0  startup_mkl25z4.o(.text)
    USB0_IRQHandler                          0x00000107   Thumb Code     0  startup_mkl25z4.o(.text)
    SystemInit                               0x0000010d   Thumb Code    74  system_mkl25z4.o(.text)
    SystemCoreClockUpdate                    0x00000157   Thumb Code   308  system_mkl25z4.o(.text)
    main                                     0x000002ad   Thumb Code    30  main.o(.text)
    __aeabi_uidiv                            0x000002dd   Thumb Code     0  uidiv.o(.text)
    __aeabi_uidivmod                         0x000002dd   Thumb Code    44  uidiv.o(.text)
    __scatterload                            0x00000309   Thumb Code    28  init.o(.text)
    __scatterload_rt2                        0x00000309   Thumb Code     0  init.o(.text)
    __ARM_common_switch8                     0x0000032d   Thumb Code    28  system_mkl25z4.o(i.__ARM_common_switch8)
    __scatterload_copy                       0x00000349   Thumb Code    14  handlers.o(i.__scatterload_copy)
    __scatterload_null                       0x00000357   Thumb Code     2  handlers.o(i.__scatterload_null)
    __scatterload_zeroinit                   0x00000359   Thumb Code    14  handlers.o(i.__scatterload_zeroinit)
    Region$$Table$$Base                      0x00000368   Number         0  anon$$obj.o(Region$$Table)
    Region$$Table$$Limit                     0x00000388   Number         0  anon$$obj.o(Region$$Table)
    SystemCoreClock                          0x1ffff000   Data           4  system_mkl25z4.o(.data)
    __initial_sp                             0x1ffff408   Data           0  startup_mkl25z4.o(STACK)



==============================================================================

Memory Map of the image

  Image Entry point : 0x000000c1

  Load Region LR_IROM1 (Base: 0x00000000, Size: 0x00000414, Max: 0x00020000, ABSOLUTE)

    Execution Region ER_IROM1 (Base: 0x00000000, Size: 0x00000410, Max: 0x00020000, ABSOLUTE)

    Base Addr    Size         Type   Attr      Idx    E Section Name        Object

    0x00000000   0x000000c0   Data   RO            3    RESET               startup_mkl25z4.o
    0x000000c0   0x00000000   Code   RO           91  * .ARM.Collect$$$$00000000  mc_p.l(entry.o)
    0x000000c0   0x00000004   Code   RO           96    .ARM.Collect$$$$00000001  mc_p.l(entry2.o)
    0x000000c4   0x00000004   Code   RO           99    .ARM.Collect$$$$00000004  mc_p.l(entry5.o)
    0x000000c8   0x00000000   Code   RO          101    .ARM.Collect$$$$00000008  mc_p.l(entry7b.o)
    0x000000c8   0x00000008   Code   RO          102    .ARM.Collect$$$$00000009  mc_p.l(entry8.o)
    0x000000d0   0x00000004   Code   RO           97    .ARM.Collect$$$$00002712  mc_p.l(entry2.o)
    0x000000d4   0x00000024   Code   RO           59    .emb_text           main.o
    0x000000f8   0x00000014   Code   RO            5    .text               startup_mkl25z4.o
    0x0000010c   0x000001a0   Code   RO           15    .text               system_mkl25z4.o
    0x000002ac   0x00000030   Code   RO           60    .text               main.o
    0x000002dc   0x0000002c   Code   RO           94    .text               mc_p.l(uidiv.o)
    0x00000308   0x00000024   Code   RO          103    .text               mc_p.l(init.o)
    0x0000032c   0x0000001c   Code   RO           33    i.__ARM_common_switch8  system_mkl25z4.o
    0x00000348   0x0000000e   Code   RO          107    i.__scatterload_copy  mc_p.l(handlers.o)
    0x00000356   0x00000002   Code   RO          108    i.__scatterload_null  mc_p.l(handlers.o)
    0x00000358   0x0000000e   Code   RO          109    i.__scatterload_zeroinit  mc_p.l(handlers.o)
    0x00000366   0x00000002   PAD
    0x00000368   0x00000020   Data   RO          105    Region$$Table       anon$$obj.o
    0x00000388   0x00000078   PAD
    0x00000400   0x00000010   Code   RO            4    .ARM.__at_0x400     startup_mkl25z4.o


    Execution Region RW_IRAM1 (Base: 0x1ffff000, Size: 0x00000408, Max: 0x00001000, ABSOLUTE)

    Base Addr    Size         Type   Attr      Idx    E Section Name        Object

    0x1ffff000   0x00000004   Data   RW           16    .data               system_mkl25z4.o
    0x1ffff004   0x00000004   PAD
    0x1ffff008   0x00000400   Zero   RW            1    STACK               startup_mkl25z4.o


==============================================================================

Image component sizes


      Code (inc. data)   RO Data    RW Data    ZI Data      Debug   Object Name

        84         18          0          0          0        755   main.o
        36         20        192          0       1024        724   startup_mkl25z4.o
       444         44          0          4          0       5073   system_mkl25z4.o

    ----------------------------------------------------------------------
       564         82        344          4       1028       6552   Object Totals
         0          0         32          0          0          0   (incl. Generated)
         0          0        120          0          4          0   (incl. Padding)

    ----------------------------------------------------------------------

      Code (inc. data)   RO Data    RW Data    ZI Data      Debug   Library Member Name

         0          0          0          0          0          0   entry.o
         8          4          0          0          0          0   entry2.o
         4          0          0          0          0          0   entry5.o
         0          0          0          0          0          0   entry7b.o
         8          4          0          0          0          0   entry8.o
        30          0          0          0          0          0   handlers.o
        36          8          0          0          0         68   init.o
        44          0          0          0          0         72   uidiv.o

    ----------------------------------------------------------------------
       132         16          0          0          0        140   Library Totals
         2          0          0          0          0          0   (incl. Padding)

    ----------------------------------------------------------------------

      Code (inc. data)   RO Data    RW Data    ZI Data      Debug   Library Name

       130         16          0          0          0        140   mc_p.l

    ----------------------------------------------------------------------
       132         16          0          0          0        140   Library Totals

    ----------------------------------------------------------------------

==============================================================================


      Code (inc. data)   RO Data    RW Data    ZI Data      Debug   

       696         98        344          4       1028       6500   Grand Totals
       696         98        344          4       1028       6500   ELF Image Totals
       696         98        344          4          0          0   ROM Totals

==============================================================================

    Total RO  Size (Code + RO Data)                 1040 (   1.02kB)
    Total RW  Size (RW Data + ZI Data)              1032 (   1.01kB)
    Total ROM Size (Code + RO Data + RW Data)       1044 (   1.02kB)

==============================================================================

